 ____  __ ________
.........................aaaaa
|    |/  /   __   \______
.........................aaaaa
|       /\____    /  ___/
.........................aaaaa
|    \   \  /    /\___  \
.........................aaaaa
|____|\__ \/____//____  /
.........................aaaaa
         \/           \/
.........................aaaaa

aaaaaaaaaaaaaaaaaaaaaaaaaaaaaa
--- style legend ---
. = fg=#ffa500 bg=#000000 attr=bold
a = fg=default bg=#000000 attr=none
