┌──────────────────────────────────────┐
cccccccccccccccccccccccccccccccccccccccc
│ root                                 │
c.aaaa.................................c
│ ├──child-1                           │
c.bbbddddddd...........................c
│ │  └──leaf                           │
c.b..bbbdddd...........................c
│ └──child-2                           │
c.bbbddddddd...........................c
│                                      │
c......................................c
│                                      │
c......................................c
└──────────────────────────────────────┘
cccccccccccccccccccccccccccccccccccccccc
--- style legend ---
. = fg=default bg=#000000 attr=none
a = fg=#000000 bg=#ffffff attr=none
b = fg=#5f9ea0 bg=#000000 attr=none
c = fg=#ffffff bg=#000000 attr=bold
d = fg=#ffffff bg=#000000 attr=none
