  AllContainers:Off     Autoscroll:On      ColumnLock:Off     FullScreen:Off     Timestamps:Off     Wrap:Off
ddaaaaaaaaaaaaaaccc................bb.................ccc................ccc................ccc..........cccdd
--- style legend ---
. = fg=#1e90ff bg=#000000 attr=bold+dim
a = fg=#1e90ff bg=#000000 attr=bold
b = fg=#32cd32 bg=#000000 attr=bold+dim
c = fg=#808080 bg=#000000 attr=bold+dim
d = fg=default bg=#000000 attr=none
