

╔════════════════════════════════ test(blee)[2] ═══════════════════════════════╗
eeeeeeeeeeeeeeeeeeeeeeeeeeeeeeeeefccccchhhhddiddeeeeeeeeeeeeeeeeeeeeeeeeeeeeeeee
║ NAME                                                                         ║
e.gggg.........................................................................e
║ a                                                                            ║
e.aaaaaaaaaaaaaaaaaaaaaaaaaaaaaaaaaaaaaaaaaaaaaaaaaaaaaaaaaaaaaaaaaaaaaaaaaaaa.e
║ b                                                                            ║
e.gggg.........................................................................e
║                                                                              ║
e..............................................................................e
║                                                                              ║
e..............................................................................e
║                                                                              ║
e..............................................................................e
║                                                                              ║
e..............................................................................e
║                                                                              ║
e..............................................................................e
║                                                                              ║
e..............................................................................e
║                                                                              ║
e..............................................................................e
║                                                                              ║
e..............................................................................e
║                                                                              ║
e..............................................................................e
║                                                                              ║
e..............................................................................e
║                                                                              ║
e..............................................................................e
║                                                                              ║
e..............................................................................e
╚══════════════════════════════════════════════════════════════════════════════╝
eeeeeeeeeeeeeeeeeeeeeeeeeeeeeeeeeeeeeeeeeeeeeeeeeeeeeeeeeeeeeeeeeeeeeeeeeeeeeeee
  <test>
.bbbbbbbbj


--- style legend ---
. = fg=default bg=#000000 attr=none
a = fg=#000000 bg=#87cefa attr=bold
b = fg=#000000 bg=#ffa500 attr=bold
c = fg=#00ffff bg=#000000 attr=bold
d = fg=#00ffff bg=#000000 attr=none
e = fg=#1e90ff bg=#000000 attr=bold
f = fg=#5f9ea0 bg=#000000 attr=none
g = fg=#87cefa bg=#000000 attr=none
h = fg=#ff00ff bg=#000000 attr=bold
i = fg=#ffefd5 bg=#000000 attr=bold
j = fg=#ffffff bg=#000000 attr=none
