

┌─────────────────────────────── test(blee)[30] ───────────────────────────────┐
ffffffffffffffffffffffffffffffffeccccchhhhddiiddffffffffffffffffffffffffffffffff
│ NAME                                                                         │
f.gggg.........................................................................f
│ aq                                                                           │
f.gggg.........................................................................f
│ ar                                                                           │
f.gggg.........................................................................f
│ as                                                                           │
f.gggg.........................................................................f
│ at                                                                           │
f.gggg.........................................................................f
│ au                                                                           │
f.gggg.........................................................................f
│ av                                                                           │
f.gggg.........................................................................f
│ aw                                                                           │
f.gggg.........................................................................f
│ ax                                                                           │
f.gggg.........................................................................f
│ ay                                                                           │
f.gggg.........................................................................f
│ az                                                                           │
f.gggg.........................................................................f
│ ba                                                                           │
f.gggg.........................................................................f
│ bb                                                                           │
f.gggg.........................................................................f
│ bc                                                                           │
f.gggg.........................................................................f
│ bd                                                                           │
f.aaaaaaaaaaaaaaaaaaaaaaaaaaaaaaaaaaaaaaaaaaaaaaaaaaaaaaaaaaaaaaaaaaaaaaaaaaaa.f
└──────────────────────────────────────────────────────────────────────────────┘
ffffffffffffffffffffffffffffffffffffffffffffffffffffffffffffffffffffffffffffffff
  <test>
.bbbbbbbbj


--- style legend ---
. = fg=default bg=#000000 attr=none
a = fg=#000000 bg=#87cefa attr=bold
b = fg=#000000 bg=#ffa500 attr=bold
c = fg=#00ffff bg=#000000 attr=bold
d = fg=#00ffff bg=#000000 attr=none
e = fg=#5f9ea0 bg=#000000 attr=none
f = fg=#87cefa bg=#000000 attr=bold
g = fg=#87cefa bg=#000000 attr=none
h = fg=#ff00ff bg=#000000 attr=bold
i = fg=#ffefd5 bg=#000000 attr=bold
j = fg=#ffffff bg=#000000 attr=none
