

┌──────────────────────────────── test(blee)[2] ───────────────────────────────┐
gggggggggggggggggggggggggggggggggieeeeekkkkfflffgggggggggggggggggggggggggggggggg
│ NAME                                                                         │
g.jjjj.........................................................................g
│ a                                                                            │
g.cccccccccccccccccccccccccccccccccccccccccccccccccccccccccccccccccccccccccccc.g
│ b                                                                            │
g.jjjj.........................................................................g
│                        ╔══════════<Delete>══════════╗                        │
g........................hhhhhhhhhhhffffffffhhhhhhhhhhh........................g
│                        ║                            ║                        │
g........................h............................h........................g
│                        ║          Delete a?         ║                        │
g........................h..........iiiiiiiii.........h........................g
│                        ║                            ║                        │
g........................h............................h........................g
│                        ║ Propagation: Background    ║                        │
g........................h.mmmmmmmmmmmm.mmmmmmmmmm....h........................g
│                        ║ Force:                     ║                        │
g........................h.mmmmmm.......m.............h........................g
│                        ║                            ║                        │
g........................h............................h........................g
│                        ║       Cancel     OK        ║                        │
g........................h.....nnaaaaaann.oobboo......h........................g
│                        ║                            ║                        │
g........................h............................h........................g
│                        ╚════════════════════════════╝                        │
g........................hhhhhhhhhhhhhhhhhhhhhhhhhhhhhh........................g
│                                                                              │
g..............................................................................g
│                                                                              │
g..............................................................................g
└──────────────────────────────────────────────────────────────────────────────┘
gggggggggggggggggggggggggggggggggggggggggggggggggggggggggggggggggggggggggggggggg
  <test>
.ddddddddm


--- style legend ---
. = fg=default bg=#000000 attr=none
a = fg=#000000 bg=#1e90ff attr=none
b = fg=#000000 bg=#483d8b attr=none
c = fg=#000000 bg=#87cefa attr=bold
d = fg=#000000 bg=#ffa500 attr=bold
e = fg=#00ffff bg=#000000 attr=bold
f = fg=#00ffff bg=#000000 attr=none
g = fg=#1e90ff bg=#000000 attr=bold
h = fg=#1e90ff bg=#000000 attr=none
i = fg=#5f9ea0 bg=#000000 attr=none
j = fg=#87cefa bg=#000000 attr=none
k = fg=#ff00ff bg=#000000 attr=bold
l = fg=#ffefd5 bg=#000000 attr=bold
m = fg=#ffffff bg=#000000 attr=none
n = fg=default bg=#1e90ff attr=none
o = fg=default bg=#483d8b attr=none
