

╔════════════════════════════════ test(blee)[0] ═══════════════════════════════╗
dddddddddddddddddddddddddddddddddebbbbbggggcchccdddddddddddddddddddddddddddddddd
║ NAME                                                                         ║
d.ffff.........................................................................d
║                                                                              ║
d..............................................................................d
║                                                                              ║
d..............................................................................d
║                                                                              ║
d..............................................................................d
║                                                                              ║
d..............................................................................d
║                                                                              ║
d..............................................................................d
║                                                                              ║
d..............................................................................d
║                                                                              ║
d..............................................................................d
║                                                                              ║
d..............................................................................d
║                                                                              ║
d..............................................................................d
║                                                                              ║
d..............................................................................d
║                                                                              ║
d..............................................................................d
║                                                                              ║
d..............................................................................d
║                                                                              ║
d..............................................................................d
║                                                                              ║
d..............................................................................d
╚══════════════════════════════════════════════════════════════════════════════╝
dddddddddddddddddddddddddddddddddddddddddddddddddddddddddddddddddddddddddddddddd
  <test>
.aaaaaaaai


--- style legend ---
. = fg=default bg=#000000 attr=none
a = fg=#000000 bg=#ffa500 attr=bold
b = fg=#00ffff bg=#000000 attr=bold
c = fg=#00ffff bg=#000000 attr=none
d = fg=#1e90ff bg=#000000 attr=bold
e = fg=#5f9ea0 bg=#000000 attr=none
f = fg=#87cefa bg=#000000 attr=none
g = fg=#ff00ff bg=#000000 attr=bold
h = fg=#ffefd5 bg=#000000 attr=bold
i = fg=#ffffff bg=#000000 attr=none
