
gggggggggggggggggggggggggggggggggggggggggggggggggggggggggggggggggggggggggggggggg
╔════════════════════════════════════ Help ════════════════════════════════════╗
eeeeeeeeeeeeeeeeeeeeeeeeeeeeeeeeeeeee.dddddeeeeeeeeeeeeeeeeeeeeeeeeeeeeeeeeeeeee
║ RESOURCE                       GENERAL                              NAVIGAT… ║
egccccccccg.cccccccccggggggggggg.cccccccgggggg.cccccccccccccggggggggg.ccccccccge
║ <?>       Help                 <ctrl-a>      Aliases                <j>    … ║
egeeeeeeeee......................eeeeeeeeeeeee........................eeeeeeeege
║ <shift-a> Sort Age             <q>           Back                   <shift-… ║
egeeeeeeeee......................eeeeeeeeeeeee........................eeeeeeeege
║ <shift-n> Sort Name            <esc>         Back/Clear             <g>    … ║
egeeeeeeeee......................eeeeeeeeeeeee........................eeeeeeeege
║ <shift-p> Sort Namespace       <ctrl-u>      Command Clear          <[>    … ║
egeeeeeeeee......................eeeeeeeeeeeee........................eeeeeeeege
║ <shift-o> Sort Selected Column <:cmd>        Command mode           <]>    … ║
egeeeeeeeee......................eeeeeeeeeeeee........................eeeeeeeege
║ <shift-s> Sort Status          <tab>         Field Next             <->    … ║
egeeeeeeeee......................eeeeeeeeeeeee........................eeeeeeeege
║ <ctrl-z>  Toggle Faults        <backtab>     Field Previous         <h>    … ║
egeeeeeeeee......................eeeeeeeeeeeee........................eeeeeeeege
║ <ctrl-w>  Toggle Wide          </term>       Filter mode            <ctrl-f… ║
egeeeeeeeee......................eeeeeeeeeeeee........................eeeeeeeege
║                                <?>           Help                   <ctrl-b… ║
egeeeeeeeee......................eeeeeeeeeeeee........................eeeeeeeege
║                                <space>       Mark                   <l>    … ║
egeeeeeeeee......................eeeeeeeeeeeee........................eeeeeeeege
║                                <ctrl-\>      Mark Clear             <k>    … ║
egeeeeeeeee......................eeeeeeeeeeeee........................eeeeeeeege
║                                <ctrl-space>  Mark Range                    … ║
egeeeeeeeee......................eeeeeeeeeeeee........................eeeeeeeege
║                                <:q>          Quit                          … ║
egeeeeeeeee......................eeeeeeeeeeeee........................eeeeeeeege
║                                <ctrl-r>      Reload                        … ║
egeeeeeeeee......................eeeeeeeeeeeee........................eeeeeeeege
╚══════════════════════════════════════════════════════════════════════════════╝
eeeeeeeeeeeeeeeeeeeeeeeeeeeeeeeeeeeeeeeeeeeeeeeeeeeeeeeeeeeeeeeeeeeeeeeeeeeeeeee
  <test>   <help>
gaaaaaaaafbbbbbbbbfggggggggggggggggggggggggggggggggggggggggggggggggggggggggggggg

gggggggggggggggggggggggggggggggggggggggggggggggggggggggggggggggggggggggggggggggg
--- style legend ---
. = fg=#5f9ea0 bg=#000000 attr=none
a = fg=#000000 bg=#00ffff attr=bold
b = fg=#000000 bg=#ffa500 attr=bold
c = fg=#008000 bg=#000000 attr=none
d = fg=#00ffff bg=#000000 attr=bold
e = fg=#1e90ff bg=#000000 attr=bold
f = fg=#ffffff bg=#000000 attr=none
g = fg=default bg=#000000 attr=none
