

┌────────────────────────── Logs(fred/p1:blee)[tail] ──────────────────────────┐
dddddddddddddddddddddddddddffffffiiiiiiiikkkkffbbbbffddddddddddddddddddddddddddd
│Autoscroll:On      ColumnLock:Off     FullScreen:Off     Timestamps:Off     Wr│
dccccccccccceeddddddcccccccccccgggdddddcccccccccccgggdddddcccccccccccgggdddddccd
│ line-00                                                                      │
d.hhhhhhh......................................................................d
│ line-01                                                                      │
d.hhhhhhh......................................................................d
│ line-02                                                                      │
d.hhhhhhh......................................................................d
│ line-03                                                                      │
d.hhhhhhh......................................................................d
│ line-04                                                                      │
d.hhhhhhh......................................................................d
│ line-05                                                                      │
d.hhhhhhh......................................................................d
│ line-06                                                                      │
d.hhhhhhh......................................................................d
│ line-07                                                                      │
d.hhhhhhh......................................................................d
│ line-08                                                                      │
d.hhhhhhh......................................................................d
│ line-09                                                                      │
d.hhhhhhh......................................................................d
│ line-10                                                                      │
d.hhhhhhh......................................................................d
│ line-11                                                                      │
d.hhhhhhh......................................................................d
│ line-12                                                                      │
d.hhhhhhh......................................................................d
│ line-13                                                                      │
d.hhhhhhh......................................................................d
└──────────────────────────────────────────────────────────────────────────────┘
dddddddddddddddddddddddddddddddddddddddddddddddddddddddddddddddddddddddddddddddd
  <logs>
.aaaaaaaaj


--- style legend ---
. = fg=default bg=#000000 attr=none
a = fg=#000000 bg=#ffa500 attr=bold
b = fg=#008000 bg=#000000 attr=bold
c = fg=#1e90ff bg=#000000 attr=bold
d = fg=#1e90ff bg=#000000 attr=none
e = fg=#32cd32 bg=#000000 attr=bold
f = fg=#5f9ea0 bg=#000000 attr=none
g = fg=#808080 bg=#000000 attr=dim
h = fg=#87cefa bg=#000000 attr=none
i = fg=#ff00ff bg=#000000 attr=none
j = fg=#ffffff bg=#000000 attr=none
k = fg=default bg=#000000 attr=bold
