

╔═══════════════════════ Describe(ns1/fred) </fred[2:2]> ══════════════════════╗
eeeeeeeeeeeeeeeeeeeeeeeecccccccccchhhhhhhhdddffffffffffddeeeeeeeeeeeeeeeeeeeeeee
║ apiVersion: v1                                                               ║
e.ggggggggggjjii...............................................................e
║ kind: Pod                                                                    ║
e.ggggjjiii....................................................................e
║ metadata:                                                                    ║
e.ggggggggj....................................................................e
║   name: fred                                                                 ║
e.jjggggjjiiii.................................................................e
║   labels:                                                                    ║
e.iiggggggj....................................................................e
║     app: fred                                                                ║
e.jjjjgggjjbbbb................................................................e
║                                                                              ║
e..............................................................................e
║                                                                              ║
e..............................................................................e
║                                                                              ║
e..............................................................................e
║                                                                              ║
e..............................................................................e
║                                                                              ║
e..............................................................................e
║                                                                              ║
e..............................................................................e
║                                                                              ║
e..............................................................................e
║                                                                              ║
e..............................................................................e
║                                                                              ║
e..............................................................................e
╚══════════════════════════════════════════════════════════════════════════════╝
eeeeeeeeeeeeeeeeeeeeeeeeeeeeeeeeeeeeeeeeeeeeeeeeeeeeeeeeeeeeeeeeeeeeeeeeeeeeeeee
  <describe>
.aaaaaaaaaaaaj


--- style legend ---
. = fg=default bg=#000000 attr=none
a = fg=#000000 bg=#ffa500 attr=bold
b = fg=#000000 bg=#ffefd5 attr=none
c = fg=#00ffff bg=#000000 attr=bold
d = fg=#00ffff bg=#000000 attr=none
e = fg=#1e90ff bg=#000000 attr=none
f = fg=#2e8b57 bg=#000000 attr=reverse
g = fg=#4682b4 bg=#000000 attr=bold
h = fg=#ff00ff bg=#000000 attr=bold
i = fg=#ffefd5 bg=#000000 attr=none
j = fg=#ffffff bg=#000000 attr=none
