



                  ╔═══════<Confirm>══════╗
..................ccccccccbbbbbbbbbccccccc
                  ║                      ║
..................c......................c
                  ║   Blow up the pod?   ║
..................c...dddddddddddddddd...c
                  ║                      ║
..................c......................c
                  ║                      ║
..................c......................c
                  ║    Cancel     OK     ║
..................c..eeaaaaaaee...dd.....c
                  ║                      ║
..................c......................c
                  ╚══════════════════════╝
..................cccccccccccccccccccccccc




--- style legend ---
. = fg=default bg=#000000 attr=none
a = fg=#000000 bg=#1e90ff attr=none
b = fg=#00ffff bg=#000000 attr=none
c = fg=#1e90ff bg=#000000 attr=none
d = fg=#5f9ea0 bg=#000000 attr=none
e = fg=default bg=#1e90ff attr=none
