



                  ╔═══════<Confirm>══════╗
..................ddddddddcccccccccddddddd
                  ║                      ║
..................d......................d
                  ║   Blow up the pod?   ║
..................d...eeeeeeeeeeeeeeee...d
                  ║                      ║
..................d......................d
                  ║                      ║
..................d......................d
                  ║    Cancel     OK     ║
..................d..ffaaaaaaff.ggbbgg...d
                  ║                      ║
..................d......................d
                  ╚══════════════════════╝
..................dddddddddddddddddddddddd




--- style legend ---
. = fg=default bg=#000000 attr=none
a = fg=#000000 bg=#1e90ff attr=none
b = fg=#000000 bg=#483d8b attr=none
c = fg=#00ffff bg=#000000 attr=none
d = fg=#1e90ff bg=#000000 attr=none
e = fg=#5f9ea0 bg=#000000 attr=none
f = fg=default bg=#1e90ff attr=none
g = fg=default bg=#483d8b attr=none
